[2014.guadec.org/index.html]
[backblue.gif]
[fade.gif]
[index.html]
[2014.guadec.org/xmlrpc.php]
[2014.guadec.org/wp-content/themes/guadec/stylef39e.css]
[2014.guadec.org/wp-content/plugins/jetpack/_inc/genericons/genericons/genericons128b.css]
[2014.guadec.org/wp-content/plugins/jetpack/css/jetpackdeae.css]
[2014.guadec.org/wp-includes/js/jquery/jquery90f9.js]
[2014.guadec.org/wp-includes/js/jquery/jquery-migrate.min1576.js]
[2014.guadec.org/wp-content/plugins/jetpack/_inc/postmessagedeae.js]
[2014.guadec.org/wp-content/plugins/jetpack/_inc/jquery.inviewdeae.js]
[2014.guadec.org/wp-content/plugins/jetpack/_inc/jquery.jetpack-resizedeae.js]
[2014.guadec.org/xmlrpc0db0.php]
[2014.guadec.org/feed/index.html]
[2014.guadec.org/wp-includes/wlwmanifest.xml]
[2014.guadec.org/comments/feed/index.html]
[2014.guadec.org/wp-content/themes/guadec/js/jquery-1.10.2.min.js]
[2014.guadec.org/wp-content/themes/guadec/js/calculate-total.js]
[2014.guadec.org/wp-content/uploads/sites/1/2014/02/guadecbrnogroup.d.delayed]
[2014.guadec.org/wp-content/uploads/sites/1/2014/02/guadecbrnogroup.jpg]
[2014.guadec.org/wp-includes/images/rss.png]
[www.guadec.org/wp-content/uploads/2014/06/sponsor-google.png]
[www.guadec.org/wp-content/uploads/2014/06/sponsor-redhat.png]
[2014.guadec.org/index7aa0.html]
[2014.guadec.org/schedule/index.html]
[www.guadec.org/wp-content/uploads/2014/06/sponsor-igalia.png]
[www.guadec.org/wp-content/uploads/2014/06/sponsor-suse.png]
[www.guadec.org/wp-content/uploads/2014/06/sponsor-ubuntu-canonical1.png]
[www.guadec.org/wp-content/uploads/2014/06/sponsor-seafile.png]
[www.guadec.org/wp-content/uploads/2014/07/CODE_logo.png]
[www.guadec.org/wp-content/uploads/2014/07/gitcafe_logo.png]
[www.guadec.org/wp-content/uploads/2014/07/sponsor-epitech.jpg]
[2014.guadec.org/wp-content/plugins/jetpack/modules/wpgrohof39e.js]
[2014.guadec.org/wp-content/themes/twentytwelve/js/navigation0150.js]
[2014.guadec.org/wp-content/plugins/jetpack/modules/likes/queuehandlerdeae.js]
[2014.guadec.org/index.html]
[2014.guadec.org/wp-content/plugins/jetpack/modules/sharedaddy/sharing5fbd.js]
[2014.guadec.org/wp-content/themes/twentytwelve/style.css]
[2014.guadec.org/wp-content/themes/guadec/images/logo.png]
[2014.guadec.org/wp-content/themes/guadec/stylef39e.css]
[2014.guadec.org/wp-content/themes/guadec/images/skyline.png]
[2014.guadec.org/sponsors/index.html]
[2014.guadec.org/venue/index.html]
[2014.guadec.org/lodging/index.html]
[2014.guadec.org/wp-content/plugins/jetpack/_inc/genericons/genericons/genericons128b.css]
[2014.guadec.org/wp-content/plugins/jetpack/modules/carousel/images/arrows.png]
[2014.guadec.org/map/index.html]
[2014.guadec.org/wp-content/plugins/jetpack/modules/carousel/images/arrows-2x.png]
[2014.guadec.org/travel/index.html]
[2014.guadec.org/wp-content/plugins/jetpack/modules/carousel/images/carousel-spritee4da.png]
[2014.guadec.org/wp-content/plugins/jetpack/modules/carousel/images/carousel-sprite-2xe4da.png]
[2014.guadec.org/wp-content/plugins/jetpack/modules/shortcodes/img/slideshow-controls.png]
[www.guadec.org/conduct/index.html]
[2014.guadec.org/wp-content/plugins/jetpack/modules/shortcodes/img/slideshow-controls-2x.png]
[2014.guadec.org/wp-content/plugins/jetpack/modules/shortcodes/images/slide-nav.png]
[2014.guadec.org/wp-content/plugins/jetpack/modules/shortcodes/images/expand.png]
[2014.guadec.org/wp-content/plugins/jetpack/css/jetpackdeae.css]
[2014.guadec.org/wp-content/plugins/jetpack/modules/shortcodes/images/collapse.png]
[2014.guadec.org/index7aa0.html]
[2014.guadec.org/wp-content/themes/wordcamp-base/images/pages/schedule.jpg]
[2014.guadec.org/schedule/index.html]
[2014.guadec.org/index1ea5.html]
[2014.guadec.org/index386f.html]
[2014.guadec.org/wp-content/uploads/sites/1/2013/04/9445646908_257de85d87_h.2d.delayed]
[2014.guadec.org/index9a7b.html]
[2014.guadec.org/index5a58.html]
[2014.guadec.org/wp-content/uploads/sites/1/2013/04/9445646908_257de85d87_h.jpg]
[2014.guadec.org/sponsors/index.html]
[2014.guadec.org/venue/index.html]
[2014.guadec.org/patents-and-copyright-and-trademarks-oh-why/index.html]
[2014.guadec.org/lodging/index.html]
[2014.guadec.org/whats-new-in-gstreamer/index.html]
[2014.guadec.org/a-sustainable-business-model-for-free-software/index.html]
[2014.guadec.org/where-are-we-with-this-geo-awareness-dream/index.html]
[2014.guadec.org/static/normalize.min.css]
[2014.guadec.org/static/theme/default/style.css]
[2014.guadec.org/static/style.css]
[2014.guadec.org/static/script.js]
[2014.guadec.org/map/index.html]
[2014.guadec.org/travel/index.html]
[www.guadec.org/conduct/index.html]
[2014.guadec.org/gom-the-gobject-to-sqlite-datamapper/index.html]
[2014.guadec.org/how-to-be-an-ally-to-women-in-tech/index.html]
[2014.guadec.org/open-source-design-how-we-do-it-in-owncloud/index.html]
[2014.guadec.org/index386f.html]
[2014.guadec.org/virtual-machine-management-made-easy/index.html]
[2014.guadec.org/index1ea5.html]
[2014.guadec.org/reusing-libreoffice-in-your-application/index.html]
[2014.guadec.org/pitivi-a-cutting-tool-at-the-bleeding-edge/index.html]
[2014.guadec.org/index9a7b.html]
[2014.guadec.org/index5a58.html]
[2014.guadec.org/web-3-12-a-browser-to-make-us-proud/index.html]
[2014.guadec.org/wp-content/themes/twentytwelve/style.css]
[2014.guadec.org/corebird-a-twitter-clients-open-source-journey-through-gnome-land/index.html]
[2014.guadec.org/boxes-all-packed-ready-to-go/index.html]
[2014.guadec.org/wp-content/plugins/jetpack/_inc/genericons/genericons/Genericons.html]
[2014.guadec.org/wp-content/plugins/jetpack/_inc/genericons/genericons/Genericons-2.html]
[2014.guadec.org/sdaps-easy-to-use-paper-surveying-tool-for-gnome/index.html]
[2014.guadec.org/wp-content/plugins/jetpack/_inc/genericons/genericons/Genericons.svg]
[2014.guadec.org/documents-and-photos-a-content-application-update/index.html]
[2014.guadec.org/fleet-commander-making-gnome-3-shine-on-large-deployments/index.html]
[2014.guadec.org/patents-and-copyright-and-trademarks-oh-why/index.html]
[2014.guadec.org/whats-new-in-gstreamer/index.html]
[2014.guadec.org/documentation-state-of-the-union/index.html]
[2014.guadec.org/a-sustainable-business-model-for-free-software/index.html]
[2014.guadec.org/gtk-dialogs-the-hig-and-you/index.html]
[2014.guadec.org/lessons-learned-as-gnome-executive-director/index.html]
[2014.guadec.org/where-are-we-with-this-geo-awareness-dream/index.html]
[2014.guadec.org/open-source-design-how-we-do-it-in-owncloud/index.html]
[2014.guadec.org/the-gtk-scene-graph-tool-kit/index.html]
[2014.guadec.org/gom-the-gobject-to-sqlite-datamapper/index.html]
[2014.guadec.org/gtk-and-css/index.html]
[2014.guadec.org/gpg-ssh-and-identity-for-beginners/index.html]
[2014.guadec.org/how-to-be-an-ally-to-women-in-tech/index.html]
[2014.guadec.org/reusing-libreoffice-in-your-application/index.html]
[2014.guadec.org/gnome-infrastructure-authentication-evolved/index.html]
[2014.guadec.org/pitivi-a-cutting-tool-at-the-bleeding-edge/index.html]
[2014.guadec.org/static/OpenLayers.js]
[2014.guadec.org/gnome-and-wayland/index.html]
[2014.guadec.org/where-has-all-the-python-gone/index.html]
[2014.guadec.org/virtual-machine-management-made-easy/index.html]
[2014.guadec.org/web-3-12-a-browser-to-make-us-proud/index.html]
[2014.guadec.org/corebird-a-twitter-clients-open-source-journey-through-gnome-land/index.html]
[2014.guadec.org/wayland-support-in-webkit2gtk/index.html]
[2014.guadec.org/boxes-all-packed-ready-to-go/index.html]
[2014.guadec.org/hardware-integration-the-gnome-way/index.html]
[2014.guadec.org/gnome-ux-the-social-dimension/index.html]
[2014.guadec.org/sdaps-easy-to-use-paper-surveying-tool-for-gnome/index.html]
[2014.guadec.org/documents-and-photos-a-content-application-update/index.html]
[2014.guadec.org/continuous-integration-performance-testing-on-actual-hardware/index.html]
[2014.guadec.org/fleet-commander-making-gnome-3-shine-on-large-deployments/index.html]
[2014.guadec.org/gnome-outreach-a-report-from-the-war-nobody-is-participating-in/index.html]
[2014.guadec.org/documentation-state-of-the-union/index.html]
[2014.guadec.org/cheese-tng-less-libcheese-more-d-bus/index.html]
[2014.guadec.org/flow-based-programming-in-the-gnome-environment/index.html]
[2014.guadec.org/gtk-dialogs-the-hig-and-you/index.html]
[2014.guadec.org/lessons-learned-as-gnome-executive-director/index.html]
[2014.guadec.org/next-generation-input-methods/index.html]
[2014.guadec.org/the-gtk-scene-graph-tool-kit/index.html]
[2014.guadec.org/builder-a-new-ide-for-gnome/index.html]
[2014.guadec.org/gpg-ssh-and-identity-for-beginners/index.html]
[2014.guadec.org/schedule/index386f.html]
[2014.guadec.org/schedule/index1ea5.html]
[2014.guadec.org/gtk-and-css/index.html]
[2014.guadec.org/gnome-infrastructure-authentication-evolved/index.html]
[2014.guadec.org/schedule/index9a7b.html]
[2014.guadec.org/gnome-and-wayland/index.html]
[2014.guadec.org/schedule/index5a58.html]
[2014.guadec.org/where-has-all-the-python-gone/index.html]
[2014.guadec.org/sponsors/index386f.html]
[2014.guadec.org/sponsors/index1ea5.html]
[2014.guadec.org/wayland-support-in-webkit2gtk/index.html]
[2014.guadec.org/sponsors/index9a7b.html]
[2014.guadec.org/hardware-integration-the-gnome-way/index.html]
[2014.guadec.org/sponsors/index5a58.html]
[2014.guadec.org/gnome-ux-the-social-dimension/index.html]
[2014.guadec.org/venue/index386f.html]
[2014.guadec.org/continuous-integration-performance-testing-on-actual-hardware/index.html]
[www.guadec.org/lodging/index.html]
[2014.guadec.org/venue/index1ea5.html]
[2014.guadec.org/gnome-outreach-a-report-from-the-war-nobody-is-participating-in/index.html]
[2014.guadec.org/cheese-tng-less-libcheese-more-d-bus/index.html]
[2014.guadec.org/venue/index9a7b.html]
[2014.guadec.org/flow-based-programming-in-the-gnome-environment/index.html]
[2014.guadec.org/venue/index5a58.html]
[2014.guadec.org/next-generation-input-methods/index.html]
[2014.guadec.org/lodging/index386f.html]
[2014.guadec.org/builder-a-new-ide-for-gnome/index.html]
[2014.guadec.org/lodging/index9a7b.html]
[2014.guadec.org/schedule/index386f.html]
[2014.guadec.org/lodging/index1ea5.html]
[2014.guadec.org/schedule/index1ea5.html]
[2014.guadec.org/lodging/index5a58.html]
[2014.guadec.org/schedule/index9a7b.html]
[2014.guadec.org/map/index386f.html]
[2014.guadec.org/schedule/index5a58.html]
[2014.guadec.org/map/index1ea5.html]
[2014.guadec.org/sponsors/index386f.html]
[2014.guadec.org/map/index5a58.html]
[2014.guadec.org/map/index9a7b.html]
[2014.guadec.org/sponsors/index1ea5.html]
[2014.guadec.org/travel/index386f.html]
[2014.guadec.org/sponsors/index9a7b.html]
[2014.guadec.org/travel/index1ea5.html]
[2014.guadec.org/sponsors/index5a58.html]
[2014.guadec.org/travel/index9a7b.html]
[2014.guadec.org/travel/index5a58.html]
[www.guadec.org/lodging/index.html]
[2014.guadec.org/the-call-for-presentations-period-is-now-over/index.html]
[2014.guadec.org/venue/index386f.html]
[2014.guadec.org/patents-and-copyright-and-trademarks-oh-why/index386f.html]
[2014.guadec.org/venue/index1ea5.html]
[2014.guadec.org/patents-and-copyright-and-trademarks-oh-why/index1ea5.html]
[2014.guadec.org/patents-and-copyright-and-trademarks-oh-why/index9a7b.html]
[2014.guadec.org/venue/index9a7b.html]
[2014.guadec.org/patents-and-copyright-and-trademarks-oh-why/index5a58.html]
[2014.guadec.org/venue/index5a58.html]
[2014.guadec.org/category/uncategorized/index.html]
[2014.guadec.org/lodging/index386f.html]
[2014.guadec.org/whats-new-in-gstreamer/index386f.html]
[2014.guadec.org/lodging/index1ea5.html]
[2014.guadec.org/author/fabiana/index.html]
[2014.guadec.org/whats-new-in-gstreamer/index1ea5.html]
[2014.guadec.org/lodging/index9a7b.html]
[2014.guadec.org/lodging/index5a58.html]
[2014.guadec.org/whats-new-in-gstreamer/index9a7b.html]
[2014.guadec.org/static/normalize.min.css]
[2014.guadec.org/whats-new-in-gstreamer/index5a58.html]
[2014.guadec.org/a-sustainable-business-model-for-free-software/index386f.html]
[2014.guadec.org/a-sustainable-business-model-for-free-software/index1ea5.html]
[2014.guadec.org/static/theme/default/img/blank.gif]
[2014.guadec.org/a-sustainable-business-model-for-free-software/index9a7b.html]
[2014.guadec.org/static/theme/default/img/overview_replacement.gif]
[2014.guadec.org/static/theme/default/img/navigation_history.png]
[2014.guadec.org/static/theme/default/img/save_features_on.png]
[2014.guadec.org/static/theme/default/img/save_features_off.png]
[2014.guadec.org/static/theme/default/img/pan-panel.png]
[2014.guadec.org/static/theme/default/img/zoom-panel.png]
[2014.guadec.org/static/theme/default/img/close.gif]
[2014.guadec.org/static/theme/default/style.css]
[2014.guadec.org/static/theme/default/img/editing_tool_bar.png]
[2014.guadec.org/static/style.css]
[2014.guadec.org/map/index386f.html]
[2014.guadec.org/map/index1ea5.html]
[2014.guadec.org/where-are-we-with-this-geo-awareness-dream/index386f.html]
[2014.guadec.org/a-sustainable-business-model-for-free-software/index5a58.html]
[2014.guadec.org/where-are-we-with-this-geo-awareness-dream/index1ea5.html]
[2014.guadec.org/map/index9a7b.html]
[2014.guadec.org/where-are-we-with-this-geo-awareness-dream/index9a7b.html]
[2014.guadec.org/map/index5a58.html]
[2014.guadec.org/open-source-design-how-we-do-it-in-owncloud/index386f.html]
[2014.guadec.org/open-source-design-how-we-do-it-in-owncloud/index1ea5.html]
[2014.guadec.org/travel/index386f.html]
[2014.guadec.org/where-are-we-with-this-geo-awareness-dream/index5a58.html]
[2014.guadec.org/open-source-design-how-we-do-it-in-owncloud/index9a7b.html]
[2014.guadec.org/travel/index1ea5.html]
[2014.guadec.org/travel/index9a7b.html]
[2014.guadec.org/open-source-design-how-we-do-it-in-owncloud/index5a58.html]
[2014.guadec.org/gom-the-gobject-to-sqlite-datamapper/index386f.html]
[2014.guadec.org/travel/index5a58.html]
[2014.guadec.org/gom-the-gobject-to-sqlite-datamapper/index1ea5.html]
[2014.guadec.org/gom-the-gobject-to-sqlite-datamapper/index9a7b.html]
[2014.guadec.org/the-call-for-presentations-period-is-now-over/index.html]
[2014.guadec.org/patents-and-copyright-and-trademarks-oh-why/index386f.html]
[2014.guadec.org/gom-the-gobject-to-sqlite-datamapper/index5a58.html]
[2014.guadec.org/how-to-be-an-ally-to-women-in-tech/index386f.html]
[2014.guadec.org/patents-and-copyright-and-trademarks-oh-why/index1ea5.html]
[2014.guadec.org/how-to-be-an-ally-to-women-in-tech/index1ea5.html]
[2014.guadec.org/how-to-be-an-ally-to-women-in-tech/index9a7b.html]
[2014.guadec.org/patents-and-copyright-and-trademarks-oh-why/index9a7b.html]
[2014.guadec.org/patents-and-copyright-and-trademarks-oh-why/index5a58.html]
[2014.guadec.org/how-to-be-an-ally-to-women-in-tech/index5a58.html]
[2014.guadec.org/reusing-libreoffice-in-your-application/index386f.html]
[2014.guadec.org/category/uncategorized/index.html]
[2014.guadec.org/reusing-libreoffice-in-your-application/index1ea5.html]
[2014.guadec.org/reusing-libreoffice-in-your-application/index9a7b.html]
[2014.guadec.org/author/fabiana/index.html]
[2014.guadec.org/whats-new-in-gstreamer/index386f.html]
[2014.guadec.org/reusing-libreoffice-in-your-application/index5a58.html]
[2014.guadec.org/pitivi-a-cutting-tool-at-the-bleeding-edge/index386f.html]
[2014.guadec.org/whats-new-in-gstreamer/index1ea5.html]
[2014.guadec.org/pitivi-a-cutting-tool-at-the-bleeding-edge/index1ea5.html]
[2014.guadec.org/pitivi-a-cutting-tool-at-the-bleeding-edge/index9a7b.html]
[2014.guadec.org/whats-new-in-gstreamer/index9a7b.html]
[2014.guadec.org/whats-new-in-gstreamer/index5a58.html]
[2014.guadec.org/pitivi-a-cutting-tool-at-the-bleeding-edge/index5a58.html]
[2014.guadec.org/a-sustainable-business-model-for-free-software/index386f.html]
[2014.guadec.org/virtual-machine-management-made-easy/index386f.html]
[2014.guadec.org/author/andreasn/index.html]
[2014.guadec.org/virtual-machine-management-made-easy/index1ea5.html]
[2014.guadec.org/a-sustainable-business-model-for-free-software/index1ea5.html]
[2014.guadec.org/a-sustainable-business-model-for-free-software/index9a7b.html]
[2014.guadec.org/a-sustainable-business-model-for-free-software/index5a58.html]
[2014.guadec.org/virtual-machine-management-made-easy/index9a7b.html]
[2014.guadec.org/where-are-we-with-this-geo-awareness-dream/index386f.html]
[2014.guadec.org/virtual-machine-management-made-easy/index5a58.html]
[2014.guadec.org/web-3-12-a-browser-to-make-us-proud/index386f.html]
[2014.guadec.org/web-3-12-a-browser-to-make-us-proud/index1ea5.html]
[2014.guadec.org/where-are-we-with-this-geo-awareness-dream/index1ea5.html]
[2014.guadec.org/where-are-we-with-this-geo-awareness-dream/index9a7b.html]
[2014.guadec.org/where-are-we-with-this-geo-awareness-dream/index5a58.html]
[2014.guadec.org/web-3-12-a-browser-to-make-us-proud/index9a7b.html]
[2014.guadec.org/open-source-design-how-we-do-it-in-owncloud/index386f.html]
[2014.guadec.org/web-3-12-a-browser-to-make-us-proud/index5a58.html]
[2014.guadec.org/corebird-a-twitter-clients-open-source-journey-through-gnome-land/index386f.html]
[2014.guadec.org/corebird-a-twitter-clients-open-source-journey-through-gnome-land/index1ea5.html]
[2014.guadec.org/open-source-design-how-we-do-it-in-owncloud/index1ea5.html]
[2014.guadec.org/open-source-design-how-we-do-it-in-owncloud/index9a7b.html]
[2014.guadec.org/open-source-design-how-we-do-it-in-owncloud/index5a58.html]
[2014.guadec.org/corebird-a-twitter-clients-open-source-journey-through-gnome-land/index9a7b.html]
[2014.guadec.org/gom-the-gobject-to-sqlite-datamapper/index386f.html]
[2014.guadec.org/corebird-a-twitter-clients-open-source-journey-through-gnome-land/index5a58.html]
[2014.guadec.org/boxes-all-packed-ready-to-go/index386f.html]
[2014.guadec.org/boxes-all-packed-ready-to-go/index1ea5.html]
[2014.guadec.org/gom-the-gobject-to-sqlite-datamapper/index1ea5.html]
[2014.guadec.org/gom-the-gobject-to-sqlite-datamapper/index9a7b.html]
[2014.guadec.org/gom-the-gobject-to-sqlite-datamapper/index5a58.html]
[2014.guadec.org/boxes-all-packed-ready-to-go/index9a7b.html]
[2014.guadec.org/how-to-be-an-ally-to-women-in-tech/index386f.html]
[2014.guadec.org/sdaps-easy-to-use-paper-surveying-tool-for-gnome/index1ea5.html]
[2014.guadec.org/boxes-all-packed-ready-to-go/index5a58.html]
[2014.guadec.org/sdaps-easy-to-use-paper-surveying-tool-for-gnome/index386f.html]
[2014.guadec.org/how-to-be-an-ally-to-women-in-tech/index1ea5.html]
[2014.guadec.org/how-to-be-an-ally-to-women-in-tech/index9a7b.html]
[2014.guadec.org/how-to-be-an-ally-to-women-in-tech/index5a58.html]
[2014.guadec.org/sdaps-easy-to-use-paper-surveying-tool-for-gnome/index9a7b.html]
[2014.guadec.org/reusing-libreoffice-in-your-application/index386f.html]
[2014.guadec.org/sdaps-easy-to-use-paper-surveying-tool-for-gnome/index5a58.html]
[2014.guadec.org/documents-and-photos-a-content-application-update/index1ea5.html]
[2014.guadec.org/documents-and-photos-a-content-application-update/index386f.html]
[2014.guadec.org/reusing-libreoffice-in-your-application/index1ea5.html]
[2014.guadec.org/reusing-libreoffice-in-your-application/index9a7b.html]
[2014.guadec.org/reusing-libreoffice-in-your-application/index5a58.html]
[2014.guadec.org/documents-and-photos-a-content-application-update/index9a7b.html]
[2014.guadec.org/pitivi-a-cutting-tool-at-the-bleeding-edge/index386f.html]
[2014.guadec.org/documents-and-photos-a-content-application-update/index5a58.html]
[2014.guadec.org/fleet-commander-making-gnome-3-shine-on-large-deployments/index386f.html]
[2014.guadec.org/fleet-commander-making-gnome-3-shine-on-large-deployments/index1ea5.html]
[2014.guadec.org/pitivi-a-cutting-tool-at-the-bleeding-edge/index1ea5.html]
[2014.guadec.org/pitivi-a-cutting-tool-at-the-bleeding-edge/index9a7b.html]
[2014.guadec.org/pitivi-a-cutting-tool-at-the-bleeding-edge/index5a58.html]
[2014.guadec.org/fleet-commander-making-gnome-3-shine-on-large-deployments/index9a7b.html]
[2014.guadec.org/author/andreasn/index.html]
[2014.guadec.org/fleet-commander-making-gnome-3-shine-on-large-deployments/index5a58.html]
[2014.guadec.org/documentation-state-of-the-union/index386f.html]
[2014.guadec.org/documentation-state-of-the-union/index1ea5.html]
[2014.guadec.org/virtual-machine-management-made-easy/index386f.html]
[2014.guadec.org/virtual-machine-management-made-easy/index1ea5.html]
[2014.guadec.org/virtual-machine-management-made-easy/index9a7b.html]
[2014.guadec.org/documentation-state-of-the-union/index9a7b.html]
[2014.guadec.org/virtual-machine-management-made-easy/index5a58.html]
[2014.guadec.org/documentation-state-of-the-union/index5a58.html]
[2014.guadec.org/gtk-dialogs-the-hig-and-you/index386f.html]
[2014.guadec.org/gtk-dialogs-the-hig-and-you/index1ea5.html]
[2014.guadec.org/web-3-12-a-browser-to-make-us-proud/index386f.html]
[2014.guadec.org/web-3-12-a-browser-to-make-us-proud/index1ea5.html]
[2014.guadec.org/web-3-12-a-browser-to-make-us-proud/index9a7b.html]
[2014.guadec.org/gtk-dialogs-the-hig-and-you/index9a7b.html]
[2014.guadec.org/web-3-12-a-browser-to-make-us-proud/index5a58.html]
[2014.guadec.org/lessons-learned-as-gnome-executive-director/index386f.html]
[2014.guadec.org/corebird-a-twitter-clients-open-source-journey-through-gnome-land/index386f.html]
[2014.guadec.org/gtk-dialogs-the-hig-and-you/index5a58.html]
[2014.guadec.org/lessons-learned-as-gnome-executive-director/index1ea5.html]
[2014.guadec.org/corebird-a-twitter-clients-open-source-journey-through-gnome-land/index1ea5.html]
[2014.guadec.org/corebird-a-twitter-clients-open-source-journey-through-gnome-land/index9a7b.html]
[2014.guadec.org/lessons-learned-as-gnome-executive-director/index9a7b.html]
[2014.guadec.org/corebird-a-twitter-clients-open-source-journey-through-gnome-land/index5a58.html]
[2014.guadec.org/lessons-learned-as-gnome-executive-director/index5a58.html]
[2014.guadec.org/boxes-all-packed-ready-to-go/index386f.html]
[2014.guadec.org/the-gtk-scene-graph-tool-kit/index386f.html]
[2014.guadec.org/the-gtk-scene-graph-tool-kit/index1ea5.html]
[2014.guadec.org/boxes-all-packed-ready-to-go/index1ea5.html]
[2014.guadec.org/boxes-all-packed-ready-to-go/index9a7b.html]
[2014.guadec.org/the-gtk-scene-graph-tool-kit/index9a7b.html]
[2014.guadec.org/boxes-all-packed-ready-to-go/index5a58.html]
[2014.guadec.org/the-gtk-scene-graph-tool-kit/index5a58.html]
[2014.guadec.org/sdaps-easy-to-use-paper-surveying-tool-for-gnome/index386f.html]
[2014.guadec.org/gpg-ssh-and-identity-for-beginners/index386f.html]
[2014.guadec.org/gpg-ssh-and-identity-for-beginners/index1ea5.html]
[2014.guadec.org/sdaps-easy-to-use-paper-surveying-tool-for-gnome/index1ea5.html]
[2014.guadec.org/sdaps-easy-to-use-paper-surveying-tool-for-gnome/index9a7b.html]
[2014.guadec.org/gpg-ssh-and-identity-for-beginners/index9a7b.html]
[2014.guadec.org/sdaps-easy-to-use-paper-surveying-tool-for-gnome/index5a58.html]
[2014.guadec.org/gpg-ssh-and-identity-for-beginners/index5a58.html]
[2014.guadec.org/documents-and-photos-a-content-application-update/index386f.html]
[2014.guadec.org/gtk-and-css/index386f.html]
[2014.guadec.org/gtk-and-css/index1ea5.html]
[2014.guadec.org/documents-and-photos-a-content-application-update/index1ea5.html]
[2014.guadec.org/documents-and-photos-a-content-application-update/index9a7b.html]
[2014.guadec.org/gtk-and-css/index9a7b.html]
[2014.guadec.org/documents-and-photos-a-content-application-update/index5a58.html]
[2014.guadec.org/gtk-and-css/index5a58.html]
[2014.guadec.org/fleet-commander-making-gnome-3-shine-on-large-deployments/index386f.html]
[2014.guadec.org/gnome-infrastructure-authentication-evolved/index386f.html]
[2014.guadec.org/gnome-infrastructure-authentication-evolved/index1ea5.html]
[2014.guadec.org/fleet-commander-making-gnome-3-shine-on-large-deployments/index1ea5.html]
[2014.guadec.org/fleet-commander-making-gnome-3-shine-on-large-deployments/index9a7b.html]
[2014.guadec.org/gnome-infrastructure-authentication-evolved/index9a7b.html]
[2014.guadec.org/fleet-commander-making-gnome-3-shine-on-large-deployments/index5a58.html]
[2014.guadec.org/gnome-infrastructure-authentication-evolved/index5a58.html]
[2014.guadec.org/documentation-state-of-the-union/index386f.html]
[2014.guadec.org/gnome-and-wayland/index386f.html]
[2014.guadec.org/gnome-and-wayland/index1ea5.html]
[2014.guadec.org/documentation-state-of-the-union/index1ea5.html]
[2014.guadec.org/documentation-state-of-the-union/index9a7b.html]
[2014.guadec.org/gnome-and-wayland/index9a7b.html]
[2014.guadec.org/documentation-state-of-the-union/index5a58.html]
[2014.guadec.org/gnome-and-wayland/index5a58.html]
[2014.guadec.org/gtk-dialogs-the-hig-and-you/index386f.html]
[2014.guadec.org/where-has-all-the-python-gone/index386f.html]
[2014.guadec.org/where-has-all-the-python-gone/index1ea5.html]
[2014.guadec.org/gtk-dialogs-the-hig-and-you/index1ea5.html]
[2014.guadec.org/gtk-dialogs-the-hig-and-you/index9a7b.html]
[2014.guadec.org/where-has-all-the-python-gone/index9a7b.html]
[2014.guadec.org/gtk-dialogs-the-hig-and-you/index5a58.html]
[2014.guadec.org/where-has-all-the-python-gone/index5a58.html]
[2014.guadec.org/lessons-learned-as-gnome-executive-director/index386f.html]
[2014.guadec.org/wayland-support-in-webkit2gtk/index386f.html]
[2014.guadec.org/wayland-support-in-webkit2gtk/index1ea5.html]
[2014.guadec.org/lessons-learned-as-gnome-executive-director/index1ea5.html]
[2014.guadec.org/lessons-learned-as-gnome-executive-director/index9a7b.html]
[2014.guadec.org/wayland-support-in-webkit2gtk/index9a7b.html]
[2014.guadec.org/wayland-support-in-webkit2gtk/index5a58.html]
[2014.guadec.org/lessons-learned-as-gnome-executive-director/index5a58.html]
[2014.guadec.org/hardware-integration-the-gnome-way/index386f.html]
[2014.guadec.org/hardware-integration-the-gnome-way/index1ea5.html]
[2014.guadec.org/the-gtk-scene-graph-tool-kit/index386f.html]
[2014.guadec.org/the-gtk-scene-graph-tool-kit/index1ea5.html]
[2014.guadec.org/hardware-integration-the-gnome-way/index9a7b.html]
[2014.guadec.org/hardware-integration-the-gnome-way/index5a58.html]
[2014.guadec.org/the-gtk-scene-graph-tool-kit/index9a7b.html]
[2014.guadec.org/gnome-ux-the-social-dimension/index386f.html]
[2014.guadec.org/gnome-ux-the-social-dimension/index1ea5.html]
[2014.guadec.org/the-gtk-scene-graph-tool-kit/index5a58.html]
[2014.guadec.org/gpg-ssh-and-identity-for-beginners/index386f.html]
[2014.guadec.org/continuous-integration-performance-testing-on-actual-hardware/index386f.html]
[2014.guadec.org/gnome-ux-the-social-dimension/index5a58.html]
[2014.guadec.org/continuous-integration-performance-testing-on-actual-hardware/index1ea5.html]
[2014.guadec.org/gpg-ssh-and-identity-for-beginners/index1ea5.html]
[2014.guadec.org/gnome-ux-the-social-dimension/index9a7b.html]
[2014.guadec.org/gpg-ssh-and-identity-for-beginners/index9a7b.html]
[2014.guadec.org/continuous-integration-performance-testing-on-actual-hardware/index9a7b.html]
[2014.guadec.org/gnome-outreach-a-report-from-the-war-nobody-is-participating-in/index386f.html]
[2014.guadec.org/gpg-ssh-and-identity-for-beginners/index5a58.html]
[2014.guadec.org/gnome-outreach-a-report-from-the-war-nobody-is-participating-in/index1ea5.html]
[2014.guadec.org/continuous-integration-performance-testing-on-actual-hardware/index5a58.html]
[2014.guadec.org/gtk-and-css/index386f.html]
[2014.guadec.org/gnome-outreach-a-report-from-the-war-nobody-is-participating-in/index9a7b.html]
[2014.guadec.org/cheese-tng-less-libcheese-more-d-bus/index386f.html]
[2014.guadec.org/gnome-outreach-a-report-from-the-war-nobody-is-participating-in/index5a58.html]
[2014.guadec.org/gtk-and-css/index1ea5.html]
[2014.guadec.org/cheese-tng-less-libcheese-more-d-bus/index1ea5.html]
[2014.guadec.org/gtk-and-css/index9a7b.html]
[2014.guadec.org/cheese-tng-less-libcheese-more-d-bus/index9a7b.html]
[2014.guadec.org/cheese-tng-less-libcheese-more-d-bus/index5a58.html]
[2014.guadec.org/flow-based-programming-in-the-gnome-environment/index386f.html]
[2014.guadec.org/gtk-and-css/index5a58.html]
[2014.guadec.org/flow-based-programming-in-the-gnome-environment/index1ea5.html]
[2014.guadec.org/gnome-infrastructure-authentication-evolved/index386f.html]
[2014.guadec.org/flow-based-programming-in-the-gnome-environment/index9a7b.html]
[2014.guadec.org/flow-based-programming-in-the-gnome-environment/index5a58.html]
[2014.guadec.org/next-generation-input-methods/index386f.html]
[2014.guadec.org/gnome-infrastructure-authentication-evolved/index1ea5.html]
[2014.guadec.org/next-generation-input-methods/index1ea5.html]
[2014.guadec.org/gnome-infrastructure-authentication-evolved/index9a7b.html]
[2014.guadec.org/next-generation-input-methods/index9a7b.html]
[2014.guadec.org/next-generation-input-methods/index5a58.html]
[2014.guadec.org/builder-a-new-ide-for-gnome/index386f.html]
[2014.guadec.org/gnome-infrastructure-authentication-evolved/index5a58.html]
[2014.guadec.org/builder-a-new-ide-for-gnome/index1ea5.html]
[2014.guadec.org/gnome-and-wayland/index386f.html]
[2014.guadec.org/talks-available-to-view-online/index.html]
[2014.guadec.org/gnome-and-wayland/index1ea5.html]
[2014.guadec.org/builder-a-new-ide-for-gnome/index9a7b.html]
[2014.guadec.org/builder-a-new-ide-for-gnome/index5a58.html]
[2014.guadec.org/the-call-for-presentations-period-is-now-over/index386f.html]
[2014.guadec.org/gnome-and-wayland/index9a7b.html]
[2014.guadec.org/gnome-and-wayland/index5a58.html]
[2014.guadec.org/where-has-all-the-python-gone/index386f.html]
[2014.guadec.org/the-call-for-presentations-period-is-now-over/index1ea5.html]
[2014.guadec.org/where-has-all-the-python-gone/index1ea5.html]
[2014.guadec.org/the-call-for-presentations-period-is-now-over/index9a7b.html]
[2014.guadec.org/the-call-for-presentations-period-is-now-over/index5a58.html]
[2014.guadec.org/author/ebassi/index.html]
[2014.guadec.org/where-has-all-the-python-gone/index9a7b.html]
[2014.guadec.org/where-has-all-the-python-gone/index5a58.html]
[2014.guadec.org/wayland-support-in-webkit2gtk/index386f.html]
[2014.guadec.org/category/uncategorized/feed/index.html]
[2014.guadec.org/wayland-support-in-webkit2gtk/index1ea5.html]
[2014.guadec.org/author/fabiana/feed/index.html]
[2014.guadec.org/wayland-support-in-webkit2gtk/index9a7b.html]
[2014.guadec.org/category/uncategorized/page/2/index.html]
[2014.guadec.org/author/fabiana/page/2/index.html]
[2014.guadec.org/wayland-support-in-webkit2gtk/index5a58.html]
[2014.guadec.org/hardware-integration-the-gnome-way/index386f.html]
[2014.guadec.org/hardware-integration-the-gnome-way/index1ea5.html]
[2014.guadec.org/hardware-integration-the-gnome-way/index9a7b.html]
[2014.guadec.org/hardware-integration-the-gnome-way/index5a58.html]
[2014.guadec.org/gnome-ux-the-social-dimension/index386f.html]
[2014.guadec.org/gnome-ux-the-social-dimension/index1ea5.html]
[2014.guadec.org/gnome-ux-the-social-dimension/index9a7b.html]
[2014.guadec.org/gnome-ux-the-social-dimension/index5a58.html]
[2014.guadec.org/continuous-integration-performance-testing-on-actual-hardware/index386f.html]
[2014.guadec.org/continuous-integration-performance-testing-on-actual-hardware/index1ea5.html]
[2014.guadec.org/continuous-integration-performance-testing-on-actual-hardware/index9a7b.html]
[2014.guadec.org/continuous-integration-performance-testing-on-actual-hardware/index5a58.html]
[2014.guadec.org/gnome-outreach-a-report-from-the-war-nobody-is-participating-in/index386f.html]
[2014.guadec.org/gnome-outreach-a-report-from-the-war-nobody-is-participating-in/index1ea5.html]
[2014.guadec.org/gnome-outreach-a-report-from-the-war-nobody-is-participating-in/index9a7b.html]
[2014.guadec.org/gnome-outreach-a-report-from-the-war-nobody-is-participating-in/index5a58.html]
[2014.guadec.org/cheese-tng-less-libcheese-more-d-bus/index386f.html]
[2014.guadec.org/cheese-tng-less-libcheese-more-d-bus/index1ea5.html]
[2014.guadec.org/cheese-tng-less-libcheese-more-d-bus/index9a7b.html]
[2014.guadec.org/cheese-tng-less-libcheese-more-d-bus/index5a58.html]
[2014.guadec.org/flow-based-programming-in-the-gnome-environment/index386f.html]
[2014.guadec.org/flow-based-programming-in-the-gnome-environment/index1ea5.html]
[2014.guadec.org/flow-based-programming-in-the-gnome-environment/index9a7b.html]
[2014.guadec.org/flow-based-programming-in-the-gnome-environment/index5a58.html]
[2014.guadec.org/next-generation-input-methods/index386f.html]
[2014.guadec.org/next-generation-input-methods/index1ea5.html]
[2014.guadec.org/next-generation-input-methods/index9a7b.html]
[2014.guadec.org/next-generation-input-methods/index5a58.html]
[2014.guadec.org/builder-a-new-ide-for-gnome/index386f.html]
[2014.guadec.org/builder-a-new-ide-for-gnome/index1ea5.html]
[2014.guadec.org/builder-a-new-ide-for-gnome/index9a7b.html]
[2014.guadec.org/builder-a-new-ide-for-gnome/index5a58.html]
[2014.guadec.org/talks-available-to-view-online/index.html]
[2014.guadec.org/the-call-for-presentations-period-is-now-over/index386f.html]
[2014.guadec.org/author/andreasn/feed/index.html]
[2014.guadec.org/the-call-for-presentations-period-is-now-over/index1ea5.html]
[2014.guadec.org/author/andreasn/page/2/index.html]
[2014.guadec.org/the-call-for-presentations-period-is-now-over/index9a7b.html]
[2014.guadec.org/party-at-the-starobrno-brewery/index.html]
[2014.guadec.org/talks-available-to-view-online/index386f.html]
[2014.guadec.org/the-call-for-presentations-period-is-now-over/index5a58.html]
[2014.guadec.org/author/ebassi/index.html]
[2014.guadec.org/talks-available-to-view-online/index1ea5.html]
[2014.guadec.org/category/uncategorized/page/2/index.html]
[2014.guadec.org/talks-available-to-view-online/index5a58.html]
[2014.guadec.org/talks-available-to-view-online/index9a7b.html]
[2014.guadec.org/author/rtcm/index.html]
[2014.guadec.org/author/fabiana/page/2/index.html]
[2014.guadec.org/author/andreasn/page/2/index.html]
[2014.guadec.org/author/ebassi/feed/index.html]
[2014.guadec.org/party-at-the-starobrno-brewery/index.html]
[2014.guadec.org/guadec-2013-program-published/index.html]
[2014.guadec.org/talks-available-to-view-online/index386f.html]
[2014.guadec.org/category/uncategorized/page/3/index.html]
[2014.guadec.org/talks-available-to-view-online/index1ea5.html]
[2014.guadec.org/guadec-2013-program-published/index386f.html]
[2014.guadec.org/talks-available-to-view-online/index9a7b.html]
[www.guadec.org/schedule/index.html]
[2014.guadec.org/talks-available-to-view-online/index5a58.html]
[2014.guadec.org/guadec-2013-program-published/index1ea5.html]
[2014.guadec.org/author/rtcm/index.html]
[2014.guadec.org/guadec-2013-program-published/index9a7b.html]
[2014.guadec.org/category/uncategorized/page/3/index.html]
[2014.guadec.org/guadec-2013-program-published/index5a58.html]
[2014.guadec.org/guadec-2013-program-published/index.html]
[2014.guadec.org/party-at-the-starobrno-brewery/index386f.html]
[2014.guadec.org/wayland-talk-and-panel-swap/index.html]
[www.guadec.org/schedule/index.html]
[2014.guadec.org/party-at-the-starobrno-brewery/index1ea5.html]
[2014.guadec.org/guadec-2013-program-published/index386f.html]
[2014.guadec.org/party-at-the-starobrno-brewery/index9a7b.html]
[2014.guadec.org/guadec-2013-program-published/index1ea5.html]
[2014.guadec.org/author/rtcm/feed/index.html]
[2014.guadec.org/guadec-2013-program-published/index9a7b.html]
[2014.guadec.org/party-at-the-starobrno-brewery/index5a58.html]
[2014.guadec.org/guadec-2013-program-published/index5a58.html]
[2014.guadec.org/wayland-talk-and-panel-swap/index386f.html]
[2014.guadec.org/wayland-talk-and-panel-swap/index.html]
[2014.guadec.org/wayland-talk-and-panel-swap/index1ea5.html]
[2014.guadec.org/party-at-the-starobrno-brewery/index386f.html]
[2014.guadec.org/wayland-talk-and-panel-swap/index9a7b.html]
[2014.guadec.org/party-at-the-starobrno-brewery/index1ea5.html]
[2014.guadec.org/wayland-talk-and-panel-swap/index5a58.html]
[2014.guadec.org/party-at-the-starobrno-brewery/index9a7b.html]
[2014.guadec.org/guadec-party/index.html]
[2014.guadec.org/party-at-the-starobrno-brewery/index5a58.html]
[2014.guadec.org/guadec-party/index386f.html]
[2014.guadec.org/wayland-talk-and-panel-swap/index386f.html]
[2014.guadec.org/guadec-party/index1ea5.html]
[2014.guadec.org/wayland-talk-and-panel-swap/index1ea5.html]
[2014.guadec.org/guadec-party/index9a7b.html]
[2014.guadec.org/wayland-talk-and-panel-swap/index9a7b.html]
[2014.guadec.org/guadec-party/index5a58.html]
[2014.guadec.org/wayland-talk-and-panel-swap/index5a58.html]
[2014.guadec.org/welcome-to-guadec-2013/index.html]
[2014.guadec.org/guadec-party/index.html]
[2014.guadec.org/welcome-to-guadec-2013/index386f.html]
[2014.guadec.org/guadec-party/index386f.html]
[2014.guadec.org/welcome-to-guadec-2013/index1ea5.html]
[2014.guadec.org/guadec-party/index1ea5.html]
[www.guadec.org/venue/index.html]
[2014.guadec.org/welcome-to-guadec-2013/index9a7b.html]
[2014.guadec.org/guadec-party/index9a7b.html]
[2014.guadec.org/guadec-party/index5a58.html]
[2014.guadec.org/welcome-to-guadec-2013/index5a58.html]
[2014.guadec.org/keynote-speaker-interviews/index.html]
[2014.guadec.org/welcome-to-guadec-2013/index.html]
[www.guadec.org/venue/index.html]
[2014.guadec.org/keynote-speaker-interviews/index386f.html]
[2014.guadec.org/welcome-to-guadec-2013/index386f.html]
[2014.guadec.org/keynote-speaker-interviews/index1ea5.html]
[2014.guadec.org/welcome-to-guadec-2013/index1ea5.html]
[2014.guadec.org/keynote-speaker-interviews/index9a7b.html]
[2014.guadec.org/keynote-speaker-interviews/index5a58.html]
[2014.guadec.org/welcome-to-guadec-2013/index9a7b.html]
[2014.guadec.org/registration-open/index.html]
[2014.guadec.org/welcome-to-guadec-2013/index5a58.html]
[www.guadec.org/registration/index.html]
[2014.guadec.org/keynote-speaker-interviews/index.html]
[2014.guadec.org/registration-open/index386f.html]
[2014.guadec.org/registration-open/index1ea5.html]
[2014.guadec.org/keynote-speaker-interviews/index386f.html]
[2014.guadec.org/registration-open/index9a7b.html]
[2014.guadec.org/keynote-speaker-interviews/index1ea5.html]
[2014.guadec.org/hotel-offers/index.html]
[2014.guadec.org/keynote-speaker-interviews/index9a7b.html]
[2014.guadec.org/hotel-offers/index386f.html]
[2014.guadec.org/registration-open/index5a58.html]
[2014.guadec.org/keynote-speaker-interviews/index5a58.html]
[2014.guadec.org/registration-open/index.html]
[www.guadec.org/index94e1.html]
[www.guadec.org/registration/index.html]
[2014.guadec.org/hotel-offers/index1ea5.html]
[2014.guadec.org/hotel-offers/index9a7b.html]
[2014.guadec.org/hotel-offers/index5a58.html]
[2014.guadec.org/registration-open/index386f.html]
[2014.guadec.org/registration-open/index1ea5.html]
[2014.guadec.org/registration-open/index9a7b.html]
[2014.guadec.org/call-for-participation-is-over/index.html]
[2014.guadec.org/registration-open/index5a58.html]
[2014.guadec.org/call-for-participation-is-over/index386f.html]
[2014.guadec.org/call-for-participation-is-over/index9a7b.html]
[2014.guadec.org/call-for-participation-is-over/index1ea5.html]
[2014.guadec.org/hotel-offers/index.html]
[www.guadec.org/index94e1.html]
[2014.guadec.org/hotel-offers/index386f.html]
[2014.guadec.org/call-for-participation-is-over/index5a58.html]
[2014.guadec.org/hotel-offers/index1ea5.html]
[2014.guadec.org/call-for-papers/index.html]
[2014.guadec.org/call-for-papers/index386f.html]
[2014.guadec.org/call-for-papers/index1ea5.html]
[2014.guadec.org/hotel-offers/index9a7b.html]
[2014.guadec.org/hotel-offers/index5a58.html]
[2014.guadec.org/call-for-participation-is-over/index.html]
[2014.guadec.org/call-for-participation-is-over/index386f.html]
[2014.guadec.org/call-for-participation-is-over/index1ea5.html]
[2014.guadec.org/call-for-participation-is-over/index9a7b.html]
[2014.guadec.org/call-for-participation-is-over/index5a58.html]
[2014.guadec.org/call-for-papers/index.html]
[2014.guadec.org/call-for-papers/index386f.html]
[2014.guadec.org/call-for-papers/index1ea5.html]
[2014.guadec.org/call-for-papers/index9a7b.html]
[2014.guadec.org/call-for-papers/index9a7b.html]
[2014.guadec.org/call-for-papers/index5a58.html]
[2014.guadec.org/call-for-papers/index5a58.html]
[2014.guadec.org/category/uncategorized/page/4/index.html]
[2014.guadec.org/category/uncategorized/page/4/index.html]
[2014.guadec.org/category/uncategorized/page/5/index.html]
[2014.guadec.org/category/uncategorized/page/5/index.html]
